Itemes en el archivo coquimbo.arr
Coquimbo 1.250000
-----------------------------------------------------

Itemes en el archivo algarrobo.arr
Algarrobo 20.125000
Pichilemu -15.250000
-----------------------------------------------------

Itemes en el archivo santiago.arr
Santiago 3.500000
Coquimbo 1.250000
Algarrobo 20.125000
Chillan -20.500000
Pichilemu -15.250000
-----------------------------------------------------

